RAM Allocation [bytes]
Variable                                                          Address   Size
--------------------------------------------------------------------------------
cel                                                               0x00E0       4
decimas                                                           0x00E4       1
cn                                                                0x00E5       1
seg                                                               0x00E6       1
min                                                               0x00E7       1
hor                                                               0x00E8       1
dia                                                               0x00E9       1
mes                                                               0x00EA       1
change                                                            0x00EB       1
ye                                                                0x00EC       2
ar                                                                0x00EE       2
_base_y                                                           0x00F0       4
_lcd_x                                                            0x00F4       1
_lcd_y                                                            0x00F5       1
_lcd_maxx                                                         0x00F6       1

EEPROM Allocation [bytes]
Variable                                                          Address   Size
--------------------------------------------------------------------------------

Register Allocation
Variable                                                          Register  Size
--------------------------------------------------------------------------------
tem                                                               R4,R5        2
desplz                                                            R6,R7        2
cont_antidelay                                                    R8,R9        2
time_antidelay                                                    R10,R11      2
btnp                                                              R2.0      1bit
btna                                                              R2.1      1bit
unidades                                                          R13          1
decenas                                                           R12          1

FLASH Allocation [words]
Function                                                          Address   Size
--------------------------------------------------------------------------------
main                                                              0x0006E    368
_lcd_write_nibble_G100                                            0x001DE     14
_lcd_write_data                                                   0x001EC     12
lcd_gotoxy                                                        0x001F8     17
lcd_clear                                                         0x00209     16
lcd_putchar                                                       0x00219     32
lcd_putsf                                                         0x00239     19
lcd_init                                                          0x0024C     41
