RAM Allocation [bytes]
Variable                                                          Address   Size
--------------------------------------------------------------------------------
tabla7segmentos                                                   0x00E0      10

EEPROM Allocation [bytes]
Variable                                                          Address   Size
--------------------------------------------------------------------------------

Register Allocation
Variable                                                          Register  Size
--------------------------------------------------------------------------------
variable                                                          R5           1
variable2                                                         R4           1

FLASH Allocation [words]
Function                                                          Address   Size
--------------------------------------------------------------------------------
main                                                              0x0004D     73
