RAM Allocation [bytes]
Variable                                                          Address   Size
--------------------------------------------------------------------------------
tabla7segmentos                                                   0x00E0      10

EEPROM Allocation [bytes]
Variable                                                          Address   Size
--------------------------------------------------------------------------------

Register Allocation
Variable                                                          Register  Size
--------------------------------------------------------------------------------
botonp                                                            R2.0      1bit
botona                                                            R2.1      1bit
var                                                               R5           1

FLASH Allocation [words]
Function                                                          Address   Size
--------------------------------------------------------------------------------
main                                                              0x00051     70
